
Memory Configuration

Name             Origin             Length             Attributes
flash            0x08000000         0x20000000         xr
sram             0x20000000         0x20000000         xrw
*default*        0x00000000         0xffffffff

Linker script and memory map


.text           0x08000000      0x194
 *(.vectors*)
 .vectors       0x08000000       0x10 startup.o
                0x08000000                g_P_F_Vectors
 *(.text*)
 .text          0x08000010       0xd0 main.o
                0x08000010                main
 .text          0x080000e0       0xb4 startup.o
                0x080000e0                H_Fault_Handler
                0x080000e0                Default_Handler
                0x080000e0                NMI_Handler
                0x080000ec                Reset_Handler
 *(.rodata*)
                0x08000194                _E_text = .

.glue_7         0x08000194        0x0
 .glue_7        0x00000000        0x0 linker stubs

.glue_7t        0x08000194        0x0
 .glue_7t       0x00000000        0x0 linker stubs

.vfp11_veneer   0x08000194        0x0
 .vfp11_veneer  0x00000000        0x0 linker stubs

.v4_bx          0x08000194        0x0
 .v4_bx         0x00000000        0x0 linker stubs

.iplt           0x08000194        0x0
 .iplt          0x00000000        0x0 main.o

.rel.dyn        0x08000194        0x0
 .rel.iplt      0x00000000        0x0 main.o

.data           0x20000000        0x0 load address 0x08000194
                0x20000000                _S_Data = .
 *(.data*)
 .data          0x20000000        0x0 main.o
 .data          0x20000000        0x0 startup.o
                0x20000000                . = ALIGN (0x4)
                0x20000000                _E_Data = .

.igot.plt       0x20000000        0x0 load address 0x08000194
 .igot.plt      0x00000000        0x0 main.o

.bss            0x20000000      0x400 load address 0x08000194
                0x20000000                _S_bss = .
 *(.bss*)
 .bss           0x20000000        0x0 main.o
 .bss           0x20000000      0x400 startup.o
                0x20000400                _E_bss = .
LOAD main.o
LOAD startup.o
OUTPUT(lab3_unit3.elf elf32-littlearm)

.debug_info     0x00000000      0x25a
 .debug_info    0x00000000       0xb3 main.o
 .debug_info    0x000000b3      0x1a7 startup.o

.debug_abbrev   0x00000000      0x143
 .debug_abbrev  0x00000000       0x67 main.o
 .debug_abbrev  0x00000067       0xdc startup.o

.debug_loc      0x00000000       0x9c
 .debug_loc     0x00000000       0x38 main.o
 .debug_loc     0x00000038       0x64 startup.o

.debug_aranges  0x00000000       0x40
 .debug_aranges
                0x00000000       0x20 main.o
 .debug_aranges
                0x00000020       0x20 startup.o

.debug_line     0x00000000       0xdd
 .debug_line    0x00000000       0x77 main.o
 .debug_line    0x00000077       0x66 startup.o

.debug_str      0x00000000      0x146
 .debug_str     0x00000000       0xad main.o
                                 0xcb (size before relaxing)
 .debug_str     0x000000ad       0x99 startup.o
                                0x143 (size before relaxing)

.comment        0x00000000       0x11
 .comment       0x00000000       0x11 main.o
                                 0x12 (size before relaxing)
 .comment       0x00000000       0x12 startup.o

.ARM.attributes
                0x00000000       0x33
 .ARM.attributes
                0x00000000       0x33 main.o
 .ARM.attributes
                0x00000033       0x33 startup.o

.debug_frame    0x00000000       0x78
 .debug_frame   0x00000000       0x2c main.o
 .debug_frame   0x0000002c       0x4c startup.o
